Archive member included to satisfy reference by file (symbol)

/Applications/Ac6/SystemWorkbench.app/Contents/Eclipse/plugins/fr.ac6.mcu.externaltools.arm-none.macos64_1.15.0.201708311556/tools/compiler/bin/../lib/gcc/arm-none-eabi/6.3.1/../../../../arm-none-eabi/lib/thumb/v7e-m/fpv4-sp/hard/libc_nano.a(lib_a-errno.o)
                              AudioLoop/User/syscalls.o (__errno)
/Applications/Ac6/SystemWorkbench.app/Contents/Eclipse/plugins/fr.ac6.mcu.externaltools.arm-none.macos64_1.15.0.201708311556/tools/compiler/bin/../lib/gcc/arm-none-eabi/6.3.1/../../../../arm-none-eabi/lib/thumb/v7e-m/fpv4-sp/hard/libc_nano.a(lib_a-exit.o)
                              /Applications/Ac6/SystemWorkbench.app/Contents/Eclipse/plugins/fr.ac6.mcu.externaltools.arm-none.macos64_1.15.0.201708311556/tools/compiler/bin/../lib/gcc/arm-none-eabi/6.3.1/../../../../arm-none-eabi/lib/thumb/v7e-m/fpv4-sp/hard/crt0.o (exit)
/Applications/Ac6/SystemWorkbench.app/Contents/Eclipse/plugins/fr.ac6.mcu.externaltools.arm-none.macos64_1.15.0.201708311556/tools/compiler/bin/../lib/gcc/arm-none-eabi/6.3.1/../../../../arm-none-eabi/lib/thumb/v7e-m/fpv4-sp/hard/libc_nano.a(lib_a-impure.o)
                              /Applications/Ac6/SystemWorkbench.app/Contents/Eclipse/plugins/fr.ac6.mcu.externaltools.arm-none.macos64_1.15.0.201708311556/tools/compiler/bin/../lib/gcc/arm-none-eabi/6.3.1/../../../../arm-none-eabi/lib/thumb/v7e-m/fpv4-sp/hard/libc_nano.a(lib_a-exit.o) (_global_impure_ptr)
/Applications/Ac6/SystemWorkbench.app/Contents/Eclipse/plugins/fr.ac6.mcu.externaltools.arm-none.macos64_1.15.0.201708311556/tools/compiler/bin/../lib/gcc/arm-none-eabi/6.3.1/../../../../arm-none-eabi/lib/thumb/v7e-m/fpv4-sp/hard/libc_nano.a(lib_a-init.o)
                              /Applications/Ac6/SystemWorkbench.app/Contents/Eclipse/plugins/fr.ac6.mcu.externaltools.arm-none.macos64_1.15.0.201708311556/tools/compiler/bin/../lib/gcc/arm-none-eabi/6.3.1/../../../../arm-none-eabi/lib/thumb/v7e-m/fpv4-sp/hard/crt0.o (__libc_init_array)
/Applications/Ac6/SystemWorkbench.app/Contents/Eclipse/plugins/fr.ac6.mcu.externaltools.arm-none.macos64_1.15.0.201708311556/tools/compiler/bin/../lib/gcc/arm-none-eabi/6.3.1/../../../../arm-none-eabi/lib/thumb/v7e-m/fpv4-sp/hard/libc_nano.a(lib_a-memset.o)
                              /Applications/Ac6/SystemWorkbench.app/Contents/Eclipse/plugins/fr.ac6.mcu.externaltools.arm-none.macos64_1.15.0.201708311556/tools/compiler/bin/../lib/gcc/arm-none-eabi/6.3.1/../../../../arm-none-eabi/lib/thumb/v7e-m/fpv4-sp/hard/crt0.o (memset)

Allocating common symbols
Common symbol       size              file

hdma_dfsdmReg_FLT   0x120             Drivers/BSP/SensorTile/SensorTile_audio_in.o
RecBuff             0xc00             Drivers/BSP/SensorTile/SensorTile_audio_in.o
haudio_out_sai      0x84              Drivers/BSP/SensorTile/SensorTile_audio_out.o
uwTick              0x4               Drivers/STM32L4xx_HAL_Driver/stm32l4xx_hal.o
audio_out_buffer    0x300             AudioLoop/User/main.o
PCM_Buffer          0x60              AudioLoop/User/main.o
haudio_in_dfsdmchannel
                    0xe0              Drivers/BSP/SensorTile/SensorTile_audio_in.o
haudio_in_dfsdmfilter
                    0x150             Drivers/BSP/SensorTile/SensorTile_audio_in.o

Discarded input sections

 .text          0x0000000000000000        0x0 /Applications/Ac6/SystemWorkbench.app/Contents/Eclipse/plugins/fr.ac6.mcu.externaltools.arm-none.macos64_1.15.0.201708311556/tools/compiler/bin/../lib/gcc/arm-none-eabi/6.3.1/thumb/v7e-m/fpv4-sp/hard/crti.o
 .data          0x0000000000000000        0x0 /Applications/Ac6/SystemWorkbench.app/Contents/Eclipse/plugins/fr.ac6.mcu.externaltools.arm-none.macos64_1.15.0.201708311556/tools/compiler/bin/../lib/gcc/arm-none-eabi/6.3.1/thumb/v7e-m/fpv4-sp/hard/crti.o
 .bss           0x0000000000000000        0x0 /Applications/Ac6/SystemWorkbench.app/Contents/Eclipse/plugins/fr.ac6.mcu.externaltools.arm-none.macos64_1.15.0.201708311556/tools/compiler/bin/../lib/gcc/arm-none-eabi/6.3.1/thumb/v7e-m/fpv4-sp/hard/crti.o
 .data          0x0000000000000000        0x4 /Applications/Ac6/SystemWorkbench.app/Contents/Eclipse/plugins/fr.ac6.mcu.externaltools.arm-none.macos64_1.15.0.201708311556/tools/compiler/bin/../lib/gcc/arm-none-eabi/6.3.1/thumb/v7e-m/fpv4-sp/hard/crtbegin.o
 .text          0x0000000000000000       0x74 /Applications/Ac6/SystemWorkbench.app/Contents/Eclipse/plugins/fr.ac6.mcu.externaltools.arm-none.macos64_1.15.0.201708311556/tools/compiler/bin/../lib/gcc/arm-none-eabi/6.3.1/../../../../arm-none-eabi/lib/thumb/v7e-m/fpv4-sp/hard/crt0.o
 .data          0x0000000000000000        0x0 /Applications/Ac6/SystemWorkbench.app/Contents/Eclipse/plugins/fr.ac6.mcu.externaltools.arm-none.macos64_1.15.0.201708311556/tools/compiler/bin/../lib/gcc/arm-none-eabi/6.3.1/../../../../arm-none-eabi/lib/thumb/v7e-m/fpv4-sp/hard/crt0.o
[...]
Memory Configuration

Name             Origin             Length             Attributes
FLASH            0x0000000008004000 0x0000000000040000 xr
RAM              0x0000000020000000 0x0000000000018000 xrw
SRAM2            0x0000000010000000 0x0000000000008000 xrw
*default*        0x0000000000000000 0xffffffffffffffff

Linker script and memory map

LOAD /Applications/Ac6/SystemWorkbench.app/Contents/Eclipse/plugins/fr.ac6.mcu.externaltools.arm-none.macos64_1.15.0.201708311556/tools/compiler/bin/../lib/gcc/arm-none-eabi/6.3.1/thumb/v7e-m/fpv4-sp/hard/crti.o
LOAD /Applications/Ac6/SystemWorkbench.app/Contents/Eclipse/plugins/fr.ac6.mcu.externaltools.arm-none.macos64_1.15.0.201708311556/tools/compiler/bin/../lib/gcc/arm-none-eabi/6.3.1/thumb/v7e-m/fpv4-sp/hard/crtbegin.o
LOAD /Applications/Ac6/SystemWorkbench.app/Contents/Eclipse/plugins/fr.ac6.mcu.externaltools.arm-none.macos64_1.15.0.201708311556/tools/compiler/bin/../lib/gcc/arm-none-eabi/6.3.1/../../../../arm-none-eabi/lib/thumb/v7e-m/fpv4-sp/hard/crt0.o
LOAD AudioLoop/SW4STM32/startup_stm32l476xx.o
LOAD AudioLoop/User/cube_hal_l4.o
LOAD AudioLoop/User/main.o
LOAD AudioLoop/User/stm32l4xx_hal_msp.o
LOAD AudioLoop/User/stm32l4xx_it.o
LOAD AudioLoop/User/syscalls.o
LOAD Drivers/BSP/Components/PCM1774_CODEC_Driver.o
LOAD Drivers/BSP/SensorTile/SensorTile.o
LOAD Drivers/BSP/SensorTile/SensorTile_audio_in.o
LOAD Drivers/BSP/SensorTile/SensorTile_audio_out.o
LOAD Drivers/CMSIS/system_stm32l4xx.o
LOAD Drivers/STM32L4xx_HAL_Driver/stm32l4xx_hal.o
LOAD Drivers/STM32L4xx_HAL_Driver/stm32l4xx_hal_cortex.o
LOAD Drivers/STM32L4xx_HAL_Driver/stm32l4xx_hal_dfsdm.o
LOAD Drivers/STM32L4xx_HAL_Driver/stm32l4xx_hal_dma.o
LOAD Drivers/STM32L4xx_HAL_Driver/stm32l4xx_hal_gpio.o
LOAD Drivers/STM32L4xx_HAL_Driver/stm32l4xx_hal_i2c.o
LOAD Drivers/STM32L4xx_HAL_Driver/stm32l4xx_hal_i2c_ex.o
LOAD Drivers/STM32L4xx_HAL_Driver/stm32l4xx_hal_pwr.o
LOAD Drivers/STM32L4xx_HAL_Driver/stm32l4xx_hal_pwr_ex.o
LOAD Drivers/STM32L4xx_HAL_Driver/stm32l4xx_hal_rcc.o
LOAD Drivers/STM32L4xx_HAL_Driver/stm32l4xx_hal_rcc_ex.o
LOAD Drivers/STM32L4xx_HAL_Driver/stm32l4xx_hal_sai.o
LOAD Drivers/STM32L4xx_HAL_Driver/stm32l4xx_hal_tim.o
LOAD Drivers/STM32L4xx_HAL_Driver/stm32l4xx_hal_tim_ex.o
LOAD /Applications/Ac6/SystemWorkbench.app/Contents/Eclipse/plugins/fr.ac6.mcu.externaltools.arm-none.macos64_1.15.0.201708311556/tools/compiler/bin/../lib/gcc/arm-none-eabi/6.3.1/../../../../arm-none-eabi/lib/thumb/v7e-m/fpv4-sp/hard/libm.a
START GROUP
LOAD /Applications/Ac6/SystemWorkbench.app/Contents/Eclipse/plugins/fr.ac6.mcu.externaltools.arm-none.macos64_1.15.0.201708311556/tools/compiler/bin/../lib/gcc/arm-none-eabi/6.3.1/thumb/v7e-m/fpv4-sp/hard/libgcc.a
LOAD /Applications/Ac6/SystemWorkbench.app/Contents/Eclipse/plugins/fr.ac6.mcu.externaltools.arm-none.macos64_1.15.0.201708311556/tools/compiler/bin/../lib/gcc/arm-none-eabi/6.3.1/../../../../arm-none-eabi/lib/thumb/v7e-m/fpv4-sp/hard/libc_nano.a
END GROUP
START GROUP
LOAD /Applications/Ac6/SystemWorkbench.app/Contents/Eclipse/plugins/fr.ac6.mcu.externaltools.arm-none.macos64_1.15.0.201708311556/tools/compiler/bin/../lib/gcc/arm-none-eabi/6.3.1/thumb/v7e-m/fpv4-sp/hard/libgcc.a
LOAD /Applications/Ac6/SystemWorkbench.app/Contents/Eclipse/plugins/fr.ac6.mcu.externaltools.arm-none.macos64_1.15.0.201708311556/tools/compiler/bin/../lib/gcc/arm-none-eabi/6.3.1/../../../../arm-none-eabi/lib/thumb/v7e-m/fpv4-sp/hard/libc_nano.a
END GROUP
LOAD /Applications/Ac6/SystemWorkbench.app/Contents/Eclipse/plugins/fr.ac6.mcu.externaltools.arm-none.macos64_1.15.0.201708311556/tools/compiler/bin/../lib/gcc/arm-none-eabi/6.3.1/thumb/v7e-m/fpv4-sp/hard/crtend.o
LOAD /Applications/Ac6/SystemWorkbench.app/Contents/Eclipse/plugins/fr.ac6.mcu.externaltools.arm-none.macos64_1.15.0.201708311556/tools/compiler/bin/../lib/gcc/arm-none-eabi/6.3.1/thumb/v7e-m/fpv4-sp/hard/crtn.o
                0x0000000020017fff                _estack = 0x20017fff
                0x0000000000002000                _Min_Heap_Size = 0x2000
                0x0000000000002000                _Min_Stack_Size = 0x2000

.isr_vector     0x0000000008004000      0x188
                0x0000000008004000                . = ALIGN (0x8)
 *(.isr_vector)
 .isr_vector    0x0000000008004000      0x188 AudioLoop/SW4STM32/startup_stm32l476xx.o
                0x0000000008004000                g_pfnVectors
                0x0000000008004188                . = ALIGN (0x8)

.text           0x0000000008004188     0x4088
                0x0000000008004188                . = ALIGN (0x8)
 *(.text)
 .text          0x0000000008004188       0x6c /Applications/Ac6/SystemWorkbench.app/Contents/Eclipse/plugins/fr.ac6.mcu.externaltools.arm-none.macos64_1.15.0.201708311556/tools/compiler/bin/../lib/gcc/arm-none-eabi/6.3.1/thumb/v7e-m/fpv4-sp/hard/crtbegin.o
 *(.text*)
 .text.Reset_Handler
                0x00000000080041f4       0x50 AudioLoop/SW4STM32/startup_stm32l476xx.o
                0x00000000080041f4                Reset_Handler
 .text.Default_Handler
                0x0000000008004244        0x2 AudioLoop/SW4STM32/startup_stm32l476xx.o
                0x0000000008004244                TIM1_BRK_TIM15_IRQHandler
                0x0000000008004244                EXTI2_IRQHandler
                0x0000000008004244                TIM8_TRG_COM_IRQHandler
                0x0000000008004244                TIM8_CC_IRQHandler
                0x0000000008004244                TIM1_CC_IRQHandler
                0x0000000008004244                TSC_IRQHandler
                0x0000000008004244                TAMP_STAMP_IRQHandler
                0x0000000008004244                PendSV_Handler
                0x0000000008004244                EXTI3_IRQHandler
                0x0000000008004244                LPTIM2_IRQHandler
                0x0000000008004244                DFSDM1_FLT1_IRQHandler
                0x0000000008004244                I2C3_ER_IRQHandler
                0x0000000008004244                DFSDM1_FLT2_IRQHandler
                0x0000000008004244                EXTI0_IRQHandler
                0x0000000008004244                I2C2_EV_IRQHandler
                0x0000000008004244                CAN1_RX0_IRQHandler
                0x0000000008004244                FPU_IRQHandler
                0x0000000008004244                TIM1_UP_TIM16_IRQHandler
                0x0000000008004244                UsageFault_Handler
                0x0000000008004244                ADC1_2_IRQHandler
                0x0000000008004244                SPI1_IRQHandler
                0x0000000008004244                TIM6_DAC_IRQHandler
                0x0000000008004244                TIM8_UP_IRQHandler
                0x0000000008004244                DMA2_Channel2_IRQHandler
                0x0000000008004244                SAI2_IRQHandler
                0x0000000008004244                DFSDM1_FLT3_IRQHandler
                0x0000000008004244                USART3_IRQHandler
                0x0000000008004244                DMA1_Channel7_IRQHandler
                0x0000000008004244                CAN1_RX1_IRQHandler
                0x0000000008004244                LCD_IRQHandler
                0x0000000008004244                UART5_IRQHandler
                0x0000000008004244                ADC3_IRQHandler
                0x0000000008004244                TIM4_IRQHandler
                0x0000000008004244                DMA2_Channel1_IRQHandler
                0x0000000008004244                QUADSPI_IRQHandler
                0x0000000008004244                I2C1_EV_IRQHandler
                0x0000000008004244                DMA1_Channel6_IRQHandler
                0x0000000008004244                UART4_IRQHandler
                0x0000000008004244                DMA2_Channel4_IRQHandler
                0x0000000008004244                TIM3_IRQHandler
                0x0000000008004244                RCC_IRQHandler
                0x0000000008004244                DMA1_Channel1_IRQHandler
                0x0000000008004244                Default_Handler
                0x0000000008004244                DMA2_Channel7_IRQHandler
                0x0000000008004244                EXTI15_10_IRQHandler
                0x0000000008004244                TIM7_IRQHandler
                0x0000000008004244                SDMMC1_IRQHandler
                0x0000000008004244                TIM5_IRQHandler
                0x0000000008004244                I2C3_EV_IRQHandler
                0x0000000008004244                EXTI9_5_IRQHandler
                0x0000000008004244                RTC_WKUP_IRQHandler
                0x0000000008004244                PVD_PVM_IRQHandler
                0x0000000008004244                SPI2_IRQHandler
                0x0000000008004244                MemManage_Handler
                0x0000000008004244                CAN1_TX_IRQHandler
                0x0000000008004244                SVC_Handler
                0x0000000008004244                DMA2_Channel5_IRQHandler
                0x0000000008004244                DMA1_Channel5_IRQHandler
                0x0000000008004244                EXTI4_IRQHandler
                0x0000000008004244                RNG_IRQHandler
                0x0000000008004244                TIM1_TRG_COM_TIM17_IRQHandler
                0x0000000008004244                DMA1_Channel3_IRQHandler
                0x0000000008004244                COMP_IRQHandler
                0x0000000008004244                WWDG_IRQHandler
                0x0000000008004244                LPUART1_IRQHandler
                0x0000000008004244                DMA2_Channel6_IRQHandler
                0x0000000008004244                TIM2_IRQHandler
                0x0000000008004244                EXTI1_IRQHandler
                0x0000000008004244                USART2_IRQHandler
                0x0000000008004244                DFSDM1_FLT0_IRQHandler
                0x0000000008004244                I2C2_ER_IRQHandler
                0x0000000008004244                DMA1_Channel2_IRQHandler
                0x0000000008004244                TIM8_BRK_IRQHandler
                0x0000000008004244                CAN1_SCE_IRQHandler
                0x0000000008004244                FLASH_IRQHandler
                0x0000000008004244                BusFault_Handler
                0x0000000008004244                USART1_IRQHandler
                0x0000000008004244                OTG_FS_IRQHandler
                0x0000000008004244                SPI3_IRQHandler
                0x0000000008004244                I2C1_ER_IRQHandler
                0x0000000008004244                FMC_IRQHandler
                0x0000000008004244                SWPMI1_IRQHandler
                0x0000000008004244                LPTIM1_IRQHandler
                0x0000000008004244                SAI1_IRQHandler
                0x0000000008004244                RTC_Alarm_IRQHandler
 *fill*         0x0000000008004246        0x2 
 .text.SystemClock_Config
                0x0000000008004248       0xe0 AudioLoop/User/cube_hal_l4.o
                0x0000000008004248                SystemClock_Config
 .text.startup.main
                0x0000000008004328       0x44 AudioLoop/User/main.o
                0x0000000008004328                main
 .text.AudioProcess
                0x000000000800436c       0xe0 AudioLoop/User/main.o
                0x000000000800436c                AudioProcess
 .text.BSP_AUDIO_IN_TransferComplete_CallBack
                0x000000000800444c        0x4 AudioLoop/User/main.o
                0x000000000800444c                BSP_AUDIO_IN_TransferComplete_CallBack
 .text.BSP_AUDIO_IN_HalfTransfer_CallBack
                0x0000000008004450        0x4 AudioLoop/User/main.o
                0x0000000008004450                BSP_AUDIO_IN_HalfTransfer_CallBack
 .text.Error_Handler
                0x0000000008004454        0x2 AudioLoop/User/main.o
                0x0000000008004454                Error_Handler
 .text.NMI_Handler
                0x0000000008004456        0x2 AudioLoop/User/stm32l4xx_it.o
                0x0000000008004456                NMI_Handler
 .text.HardFault_Handler
                0x0000000008004458        0x2 AudioLoop/User/stm32l4xx_it.o
                0x0000000008004458                HardFault_Handler
 .text.DebugMon_Handler
                0x000000000800445a        0x2 AudioLoop/User/stm32l4xx_it.o
                0x000000000800445a                DebugMon_Handler
 .text.SysTick_Handler
                0x000000000800445c        0x4 AudioLoop/User/stm32l4xx_it.o
                0x000000000800445c                SysTick_Handler
 .text.DMA1_Channel4_IRQHandler
                0x0000000008004460        0xc AudioLoop/User/stm32l4xx_it.o
                0x0000000008004460                DMA1_Channel4_IRQHandler
 .text.DMA2_Channel3_IRQHandler
                0x000000000800446c        0xc AudioLoop/User/stm32l4xx_it.o
                0x000000000800446c                DMA2_Channel3_IRQHandler
 .text.pcm1774_DeInit
                0x0000000008004478        0x2 Drivers/BSP/Components/PCM1774_CODEC_Driver.o
                0x0000000008004478                pcm1774_DeInit
 .text.pcm1774_SetOutputMode
                0x000000000800447a        0x4 Drivers/BSP/Components/PCM1774_CODEC_Driver.o
                0x000000000800447a                pcm1774_SetOutputMode
 .text.pcm1774_SetFrequency
                0x000000000800447e        0x4 Drivers/BSP/Components/PCM1774_CODEC_Driver.o
                0x000000000800447e                pcm1774_SetFrequency
 .text.pcm1774_Reset
                0x0000000008004482        0x4 Drivers/BSP/Components/PCM1774_CODEC_Driver.o
                0x0000000008004482                pcm1774_Reset
 .text.PCM1774_ReadReg.constprop.0
                0x0000000008004486       0x10 Drivers/BSP/Components/PCM1774_CODEC_Driver.o
 .text.PCM1774_WriteReg.constprop.1
                0x0000000008004496       0x10 Drivers/BSP/Components/PCM1774_CODEC_Driver.o
 .text.pcm1774_SetMute
                0x00000000080044a6       0x6c Drivers/BSP/Components/PCM1774_CODEC_Driver.o
                0x00000000080044a6                pcm1774_SetMute
 .text.pcm1774_Stop
                0x0000000008004512       0x6a Drivers/BSP/Components/PCM1774_CODEC_Driver.o
                0x0000000008004512                pcm1774_Stop
 .text.pcm1774_Resume
                0x000000000800457c       0x6a Drivers/BSP/Components/PCM1774_CODEC_Driver.o
                0x000000000800457c                pcm1774_Resume
 .text.pcm1774_Play
                0x00000000080045e6       0x62 Drivers/BSP/Components/PCM1774_CODEC_Driver.o
                0x00000000080045e6                pcm1774_Play
 .text.pcm1774_SetVolume
                0x0000000008004648       0x2c Drivers/BSP/Components/PCM1774_CODEC_Driver.o
                0x0000000008004648                pcm1774_SetVolume
 .text.pcm1774_Init
                0x0000000008004674       0xea Drivers/BSP/Components/PCM1774_CODEC_Driver.o
                0x0000000008004674                pcm1774_Init
 .text.pcm1774_Pause
                0x000000000800475e        0x4 Drivers/BSP/Components/PCM1774_CODEC_Driver.o
                0x000000000800475e                pcm1774_Pause
 .text.pcm1774_ReadID
                0x0000000008004762        0x4 Drivers/BSP/Components/PCM1774_CODEC_Driver.o
                0x0000000008004762                pcm1774_ReadID
 *fill*         0x0000000008004766        0x2 
 .text.I2C_SENSORTILE_Init
                0x0000000008004768       0xcc Drivers/BSP/SensorTile/SensorTile.o
 .text.Sensor_IO_I2C_Init
                0x0000000008004834        0xe Drivers/BSP/SensorTile/SensorTile.o
                0x0000000008004834                Sensor_IO_I2C_Init
 *fill*         0x0000000008004842        0x2 
 .text.Sensor_IO_I2C_Write
                0x0000000008004844       0x30 Drivers/BSP/SensorTile/SensorTile.o
                0x0000000008004844                Sensor_IO_I2C_Write
 .text.Sensor_IO_I2C_Read
                0x0000000008004874       0x30 Drivers/BSP/SensorTile/SensorTile.o
                0x0000000008004874                Sensor_IO_I2C_Read
 .text.Sensor_IO_SPI_CS_Enable
                0x00000000080048a4       0x40 Drivers/BSP/SensorTile/SensorTile.o
                0x00000000080048a4                Sensor_IO_SPI_CS_Enable
 .text.Sensor_IO_SPI_CS_Disable
                0x00000000080048e4       0x40 Drivers/BSP/SensorTile/SensorTile.o
                0x00000000080048e4                Sensor_IO_SPI_CS_Disable
 .text.SPI_Read
                0x0000000008004924       0x34 Drivers/BSP/SensorTile/SensorTile.o
                0x0000000008004924                SPI_Read
 .text.SPI_Read_nBytes
                0x0000000008004958       0x54 Drivers/BSP/SensorTile/SensorTile.o
                0x0000000008004958                SPI_Read_nBytes
 .text.SPI_Write
                0x00000000080049ac       0x1c Drivers/BSP/SensorTile/SensorTile.o
                0x00000000080049ac                SPI_Write
 .text.Sensor_IO_SPI_Write
                0x00000000080049c8       0x44 Drivers/BSP/SensorTile/SensorTile.o
                0x00000000080049c8                Sensor_IO_SPI_Write
 .text.Sensor_IO_Write
                0x0000000008004a0c       0x3e Drivers/BSP/SensorTile/SensorTile.o
                0x0000000008004a0c                Sensor_IO_Write
 *fill*         0x0000000008004a4a        0x2 
 .text.Sensor_IO_SPI_Read
                0x0000000008004a4c       0x74 Drivers/BSP/SensorTile/SensorTile.o
                0x0000000008004a4c                Sensor_IO_SPI_Read
 .text.Sensor_IO_Read
                0x0000000008004ac0       0x3e Drivers/BSP/SensorTile/SensorTile.o
                0x0000000008004ac0                Sensor_IO_Read
 *fill*         0x0000000008004afe        0x2 
 .text.DFSDMx_FilterMspInit
                0x0000000008004b00       0xfc Drivers/BSP/SensorTile/SensorTile_audio_in.o
 .text.BSP_AUDIO_IN_ClockConfig
                0x0000000008004bfc       0x36 Drivers/BSP/SensorTile/SensorTile_audio_in.o
                0x0000000008004bfc                BSP_AUDIO_IN_ClockConfig
 *fill*         0x0000000008004c32        0x2 
 .text.BSP_AUDIO_IN_Init
                0x0000000008004c34      0x898 Drivers/BSP/SensorTile/SensorTile_audio_in.o
                0x0000000008004c34                BSP_AUDIO_IN_Init
 .text.BSP_AUDIO_IN_Record
                0x00000000080054cc       0x50 Drivers/BSP/SensorTile/SensorTile_audio_in.o
                0x00000000080054cc                BSP_AUDIO_IN_Record
 .text.HAL_DFSDM_FilterRegConvCpltCallback
                0x000000000800551c       0xbc Drivers/BSP/SensorTile/SensorTile_audio_in.o
                0x000000000800551c                HAL_DFSDM_FilterRegConvCpltCallback
 .text.HAL_DFSDM_FilterRegConvHalfCpltCallback
                0x00000000080055d8       0xb8 Drivers/BSP/SensorTile/SensorTile_audio_in.o
                0x00000000080055d8                HAL_DFSDM_FilterRegConvHalfCpltCallback
 .text.BSP_PCM1774_CODEC_Init.part.0
                0x0000000008005690       0x5c Drivers/BSP/SensorTile/SensorTile_audio_out.o
 .text.BSP_AUDIO_OUT_Play
                0x00000000080056ec       0x20 Drivers/BSP/SensorTile/SensorTile_audio_out.o
                0x00000000080056ec                BSP_AUDIO_OUT_Play
 .text.BSP_AUDIO_OUT_SetVolume
                0x000000000800570c       0x1a Drivers/BSP/SensorTile/SensorTile_audio_out.o
                0x000000000800570c                BSP_AUDIO_OUT_SetVolume
 .text.BSP_AUDIO_OUT_ClockConfig
                0x0000000008005726       0x32 Drivers/BSP/SensorTile/SensorTile_audio_out.o
                0x0000000008005726                BSP_AUDIO_OUT_ClockConfig
 .text.BSP_AUDIO_OUT_Init
                0x0000000008005758      0x204 Drivers/BSP/SensorTile/SensorTile_audio_out.o
                0x0000000008005758                BSP_AUDIO_OUT_Init
 .text.BSP_AUDIO_OUT_TransferComplete_CallBack
                0x000000000800595c        0x2 Drivers/BSP/SensorTile/SensorTile_audio_out.o
                0x000000000800595c                BSP_AUDIO_OUT_TransferComplete_CallBack
 .text.HAL_SAI_TxCpltCallback
                0x000000000800595e        0x8 Drivers/BSP/SensorTile/SensorTile_audio_out.o
                0x000000000800595e                HAL_SAI_TxCpltCallback
 .text.BSP_AUDIO_OUT_HalfTransfer_CallBack
                0x0000000008005966        0x2 Drivers/BSP/SensorTile/SensorTile_audio_out.o
                0x0000000008005966                BSP_AUDIO_OUT_HalfTransfer_CallBack
 .text.HAL_SAI_TxHalfCpltCallback
                0x0000000008005968        0x8 Drivers/BSP/SensorTile/SensorTile_audio_out.o
                0x0000000008005968                HAL_SAI_TxHalfCpltCallback
 .text.BSP_AUDIO_OUT_Error_CallBack
                0x0000000008005970        0x2 Drivers/BSP/SensorTile/SensorTile_audio_out.o
                0x0000000008005970                BSP_AUDIO_OUT_Error_CallBack
 .text.HAL_SAI_ErrorCallback
                0x0000000008005972        0x8 Drivers/BSP/SensorTile/SensorTile_audio_out.o
                0x0000000008005972                HAL_SAI_ErrorCallback
 *fill*         0x000000000800597a        0x2 
 .text.SystemInit
                0x000000000800597c       0x4c Drivers/CMSIS/system_stm32l4xx.o
                0x000000000800597c                SystemInit
 .text.HAL_MspInit
                0x00000000080059c8        0x2 Drivers/STM32L4xx_HAL_Driver/stm32l4xx_hal.o
                0x00000000080059c8                HAL_MspInit
 *fill*         0x00000000080059ca        0x2 
 .text.HAL_InitTick
                0x00000000080059cc       0x28 Drivers/STM32L4xx_HAL_Driver/stm32l4xx_hal.o
                0x00000000080059cc                HAL_InitTick
 .text.HAL_Init
                0x00000000080059f4       0x24 Drivers/STM32L4xx_HAL_Driver/stm32l4xx_hal.o
                0x00000000080059f4                HAL_Init
 .text.HAL_IncTick
                0x0000000008005a18       0x10 Drivers/STM32L4xx_HAL_Driver/stm32l4xx_hal.o
                0x0000000008005a18                HAL_IncTick
 .text.HAL_GetTick
                0x0000000008005a28        0xc Drivers/STM32L4xx_HAL_Driver/stm32l4xx_hal.o
                0x0000000008005a28                HAL_GetTick
 .text.HAL_NVIC_SetPriorityGrouping
                0x0000000008005a34       0x24 Drivers/STM32L4xx_HAL_Driver/stm32l4xx_hal_cortex.o
                0x0000000008005a34                HAL_NVIC_SetPriorityGrouping
 .text.HAL_NVIC_SetPriority
                0x0000000008005a58       0x68 Drivers/STM32L4xx_HAL_Driver/stm32l4xx_hal_cortex.o
                0x0000000008005a58                HAL_NVIC_SetPriority
 .text.HAL_NVIC_EnableIRQ
                0x0000000008005ac0       0x18 Drivers/STM32L4xx_HAL_Driver/stm32l4xx_hal_cortex.o
                0x0000000008005ac0                HAL_NVIC_EnableIRQ
 .text.HAL_SYSTICK_Config
                0x0000000008005ad8       0x2c Drivers/STM32L4xx_HAL_Driver/stm32l4xx_hal_cortex.o
                0x0000000008005ad8                HAL_SYSTICK_Config
 .text.DFSDM_RegConvStart
                0x0000000008005b04       0x58 Drivers/STM32L4xx_HAL_Driver/stm32l4xx_hal_dfsdm.o
 .text.DFSDM_GetChannelFromInstance
                0x0000000008005b5c       0x58 Drivers/STM32L4xx_HAL_Driver/stm32l4xx_hal_dfsdm.o
 .text.HAL_DFSDM_ChannelMspInit
                0x0000000008005bb4        0x2 Drivers/STM32L4xx_HAL_Driver/stm32l4xx_hal_dfsdm.o
                0x0000000008005bb4                HAL_DFSDM_ChannelMspInit
 *fill*         0x0000000008005bb6        0x2 
 .text.HAL_DFSDM_ChannelInit
                0x0000000008005bb8      0x114 Drivers/STM32L4xx_HAL_Driver/stm32l4xx_hal_dfsdm.o
                0x0000000008005bb8                HAL_DFSDM_ChannelInit
 .text.HAL_DFSDM_ChannelGetState
                0x0000000008005ccc        0x6 Drivers/STM32L4xx_HAL_Driver/stm32l4xx_hal_dfsdm.o
                0x0000000008005ccc                HAL_DFSDM_ChannelGetState
 .text.HAL_DFSDM_FilterMspInit
                0x0000000008005cd2        0x2 Drivers/STM32L4xx_HAL_Driver/stm32l4xx_hal_dfsdm.o
                0x0000000008005cd2                HAL_DFSDM_FilterMspInit
 .text.HAL_DFSDM_FilterInit
                0x0000000008005cd4       0xf4 Drivers/STM32L4xx_HAL_Driver/stm32l4xx_hal_dfsdm.o
                0x0000000008005cd4                HAL_DFSDM_FilterInit
 .text.HAL_DFSDM_FilterConfigRegChannel
                0x0000000008005dc8       0x3a Drivers/STM32L4xx_HAL_Driver/stm32l4xx_hal_dfsdm.o
                0x0000000008005dc8                HAL_DFSDM_FilterConfigRegChannel
 *fill*         0x0000000008005e02        0x2 
 .text.HAL_DFSDM_FilterRegularStart_DMA
                0x0000000008005e04       0x7c Drivers/STM32L4xx_HAL_Driver/stm32l4xx_hal_dfsdm.o
                0x0000000008005e04                HAL_DFSDM_FilterRegularStart_DMA
 .text.DFSDM_DMARegularConvCplt
                0x0000000008005e80        0xa Drivers/STM32L4xx_HAL_Driver/stm32l4xx_hal_dfsdm.o
 .text.DFSDM_DMARegularHalfConvCplt
                0x0000000008005e8a        0xa Drivers/STM32L4xx_HAL_Driver/stm32l4xx_hal_dfsdm.o
 .text.HAL_DFSDM_FilterErrorCallback
                0x0000000008005e94        0x2 Drivers/STM32L4xx_HAL_Driver/stm32l4xx_hal_dfsdm.o
                0x0000000008005e94                HAL_DFSDM_FilterErrorCallback
 .text.DFSDM_DMAError
                0x0000000008005e96        0xe Drivers/STM32L4xx_HAL_Driver/stm32l4xx_hal_dfsdm.o
 .text.HAL_DFSDM_FilterGetState
                0x0000000008005ea4        0x6 Drivers/STM32L4xx_HAL_Driver/stm32l4xx_hal_dfsdm.o
                0x0000000008005ea4                HAL_DFSDM_FilterGetState
 *fill*         0x0000000008005eaa        0x2 
 .text.HAL_DMA_Init
                0x0000000008005eac       0xe0 Drivers/STM32L4xx_HAL_Driver/stm32l4xx_hal_dma.o
                0x0000000008005eac                HAL_DMA_Init
 .text.HAL_DMA_DeInit
                0x0000000008005f8c       0x94 Drivers/STM32L4xx_HAL_Driver/stm32l4xx_hal_dma.o
                0x0000000008005f8c                HAL_DMA_DeInit
 .text.HAL_DMA_Start_IT
                0x0000000008006020       0x86 Drivers/STM32L4xx_HAL_Driver/stm32l4xx_hal_dma.o
                0x0000000008006020                HAL_DMA_Start_IT
 .text.HAL_DMA_IRQHandler
                0x00000000080060a6       0x9e Drivers/STM32L4xx_HAL_Driver/stm32l4xx_hal_dma.o
                0x00000000080060a6                HAL_DMA_IRQHandler
 .text.HAL_GPIO_Init
                0x0000000008006144      0x1b8 Drivers/STM32L4xx_HAL_Driver/stm32l4xx_hal_gpio.o
                0x0000000008006144                HAL_GPIO_Init
 .text.HAL_GPIO_WritePin
                0x00000000080062fc        0xa Drivers/STM32L4xx_HAL_Driver/stm32l4xx_hal_gpio.o
                0x00000000080062fc                HAL_GPIO_WritePin
 .text.I2C_Flush_TXDR
                0x0000000008006306       0x1c Drivers/STM32L4xx_HAL_Driver/stm32l4xx_hal_i2c.o
 .text.I2C_TransferConfig
                0x0000000008006322       0x2a Drivers/STM32L4xx_HAL_Driver/stm32l4xx_hal_i2c.o
 .text.I2C_WaitOnFlagUntilTimeout
                0x000000000800634c       0x4e Drivers/STM32L4xx_HAL_Driver/stm32l4xx_hal_i2c.o
 .text.I2C_IsAcknowledgeFailed
                0x000000000800639a       0x7a Drivers/STM32L4xx_HAL_Driver/stm32l4xx_hal_i2c.o
 .text.I2C_WaitOnTXISFlagUntilTimeout
                0x0000000008006414       0x52 Drivers/STM32L4xx_HAL_Driver/stm32l4xx_hal_i2c.o
 .text.I2C_RequestMemoryWrite
                0x0000000008006466       0x68 Drivers/STM32L4xx_HAL_Driver/stm32l4xx_hal_i2c.o
 .text.I2C_RequestMemoryRead
                0x00000000080064ce       0x66 Drivers/STM32L4xx_HAL_Driver/stm32l4xx_hal_i2c.o
 .text.I2C_WaitOnSTOPFlagUntilTimeout
                0x0000000008006534       0x4e Drivers/STM32L4xx_HAL_Driver/stm32l4xx_hal_i2c.o
 .text.HAL_I2C_MspInit
                0x0000000008006582        0x2 Drivers/STM32L4xx_HAL_Driver/stm32l4xx_hal_i2c.o
                0x0000000008006582                HAL_I2C_MspInit
 .text.HAL_I2C_Init
                0x0000000008006584       0x9c Drivers/STM32L4xx_HAL_Driver/stm32l4xx_hal_i2c.o
                0x0000000008006584                HAL_I2C_Init
 .text.HAL_I2C_MspDeInit
                0x0000000008006620        0x2 Drivers/STM32L4xx_HAL_Driver/stm32l4xx_hal_i2c.o
                0x0000000008006620                HAL_I2C_MspDeInit
 .text.HAL_I2C_DeInit
                0x0000000008006622       0x32 Drivers/STM32L4xx_HAL_Driver/stm32l4xx_hal_i2c.o
                0x0000000008006622                HAL_I2C_DeInit
 .text.HAL_I2C_Mem_Write
                0x0000000008006654      0x170 Drivers/STM32L4xx_HAL_Driver/stm32l4xx_hal_i2c.o
                0x0000000008006654                HAL_I2C_Mem_Write
 .text.HAL_I2C_Mem_Read
                0x00000000080067c4      0x17c Drivers/STM32L4xx_HAL_Driver/stm32l4xx_hal_i2c.o
                0x00000000080067c4                HAL_I2C_Mem_Read
 .text.HAL_I2C_GetState
                0x0000000008006940        0x6 Drivers/STM32L4xx_HAL_Driver/stm32l4xx_hal_i2c.o
                0x0000000008006940                HAL_I2C_GetState
 *fill*         0x0000000008006946        0x2 
 .text.HAL_PWR_EnableBkUpAccess
                0x0000000008006948       0x10 Drivers/STM32L4xx_HAL_Driver/stm32l4xx_hal_pwr.o
                0x0000000008006948                HAL_PWR_EnableBkUpAccess
 .text.HAL_PWREx_GetVoltageRange
                0x0000000008006958       0x10 Drivers/STM32L4xx_HAL_Driver/stm32l4xx_hal_pwr_ex.o
                0x0000000008006958                HAL_PWREx_GetVoltageRange
 .text.HAL_PWREx_EnableVddIO2
                0x0000000008006968       0x10 Drivers/STM32L4xx_HAL_Driver/stm32l4xx_hal_pwr_ex.o
                0x0000000008006968                HAL_PWREx_EnableVddIO2
 .text.RCC_SetFlashLatencyFromMSIRange
                0x0000000008006978       0x84 Drivers/STM32L4xx_HAL_Driver/stm32l4xx_hal_rcc.o
 .text.HAL_RCC_GetSysClockFreq
                0x00000000080069fc      0x12c Drivers/STM32L4xx_HAL_Driver/stm32l4xx_hal_rcc.o
                0x00000000080069fc                HAL_RCC_GetSysClockFreq
 .text.HAL_RCC_OscConfig
                0x0000000008006b28      0x484 Drivers/STM32L4xx_HAL_Driver/stm32l4xx_hal_rcc.o
                0x0000000008006b28                HAL_RCC_OscConfig
 .text.HAL_RCC_ClockConfig
                0x0000000008006fac      0x178 Drivers/STM32L4xx_HAL_Driver/stm32l4xx_hal_rcc.o
                0x0000000008006fac                HAL_RCC_ClockConfig
 .text.HAL_RCC_GetPCLK1Freq
                0x0000000008007124       0x30 Drivers/STM32L4xx_HAL_Driver/stm32l4xx_hal_rcc.o
                0x0000000008007124                HAL_RCC_GetPCLK1Freq
 .text.HAL_RCC_GetPCLK2Freq
                0x0000000008007154       0x30 Drivers/STM32L4xx_HAL_Driver/stm32l4xx_hal_rcc.o
                0x0000000008007154                HAL_RCC_GetPCLK2Freq
 .text.RCCEx_PLLSAI1_Config
                0x0000000008007184      0x16c Drivers/STM32L4xx_HAL_Driver/stm32l4xx_hal_rcc_ex.o
 .text.RCCEx_PLLSAI2_Config
                0x00000000080072f0      0x140 Drivers/STM32L4xx_HAL_Driver/stm32l4xx_hal_rcc_ex.o
 .text.HAL_RCCEx_PeriphCLKConfig
                0x0000000008007430      0x3d0 Drivers/STM32L4xx_HAL_Driver/stm32l4xx_hal_rcc_ex.o
                0x0000000008007430                HAL_RCCEx_PeriphCLKConfig
 .text.HAL_RCCEx_GetPeriphCLKConfig
                0x0000000008007800      0x1b0 Drivers/STM32L4xx_HAL_Driver/stm32l4xx_hal_rcc_ex.o
                0x0000000008007800                HAL_RCCEx_GetPeriphCLKConfig
 .text.HAL_RCCEx_GetPeriphCLKFreq
                0x00000000080079b0      0x494 Drivers/STM32L4xx_HAL_Driver/stm32l4xx_hal_rcc_ex.o
                0x00000000080079b0                HAL_RCCEx_GetPeriphCLKFreq
 .text.HAL_RCCEx_DisableLSECSS
                0x0000000008007e44       0x1c Drivers/STM32L4xx_HAL_Driver/stm32l4xx_hal_rcc_ex.o
                0x0000000008007e44                HAL_RCCEx_DisableLSECSS
 .text.HAL_RCCEx_EnableMSIPLLMode
                0x0000000008007e60       0x10 Drivers/STM32L4xx_HAL_Driver/stm32l4xx_hal_rcc_ex.o
                0x0000000008007e60                HAL_RCCEx_EnableMSIPLLMode
 .text.SAI_InterruptFlag
                0x0000000008007e70       0x2c Drivers/STM32L4xx_HAL_Driver/stm32l4xx_hal_sai.o
 .text.SAI_Disable
                0x0000000008007e9c       0x3a Drivers/STM32L4xx_HAL_Driver/stm32l4xx_hal_sai.o
 .text.HAL_SAI_MspInit
                0x0000000008007ed6        0x2 Drivers/STM32L4xx_HAL_Driver/stm32l4xx_hal_sai.o
                0x0000000008007ed6                HAL_SAI_MspInit
 .text.HAL_SAI_Init
                0x0000000008007ed8      0x1b4 Drivers/STM32L4xx_HAL_Driver/stm32l4xx_hal_sai.o
                0x0000000008007ed8                HAL_SAI_Init
 .text.HAL_SAI_Transmit_DMA
                0x000000000800808c       0x9c Drivers/STM32L4xx_HAL_Driver/stm32l4xx_hal_sai.o
                0x000000000800808c                HAL_SAI_Transmit_DMA
 .text.SAI_DMATxCplt
                0x0000000008008128       0x38 Drivers/STM32L4xx_HAL_Driver/stm32l4xx_hal_sai.o
 .text.SAI_DMATxHalfCplt
                0x0000000008008160        0xa Drivers/STM32L4xx_HAL_Driver/stm32l4xx_hal_sai.o
 .text.SAI_DMAError
                0x000000000800816a       0x34 Drivers/STM32L4xx_HAL_Driver/stm32l4xx_hal_sai.o
 *fill*         0x000000000800819e        0x2 
 .text.__libc_init_array
                0x00000000080081a0       0x48 /Applications/Ac6/SystemWorkbench.app/Contents/Eclipse/plugins/fr.ac6.mcu.externaltools.arm-none.macos64_1.15.0.201708311556/tools/compiler/bin/../lib/gcc/arm-none-eabi/6.3.1/../../../../arm-none-eabi/lib/thumb/v7e-m/fpv4-sp/hard/libc_nano.a(lib_a-init.o)
                0x00000000080081a0                __libc_init_array
 .text.memset   0x00000000080081e8       0x10 /Applications/Ac6/SystemWorkbench.app/Contents/Eclipse/plugins/fr.ac6.mcu.externaltools.arm-none.macos64_1.15.0.201708311556/tools/compiler/bin/../lib/gcc/arm-none-eabi/6.3.1/../../../../arm-none-eabi/lib/thumb/v7e-m/fpv4-sp/hard/libc_nano.a(lib_a-memset.o)
                0x00000000080081e8                memset
 *(.glue_7)
 .glue_7        0x00000000080081f8        0x0 linker stubs
 *(.glue_7t)
 .glue_7t       0x00000000080081f8        0x0 linker stubs
 *(.eh_frame)
 .eh_frame      0x00000000080081f8        0x0 /Applications/Ac6/SystemWorkbench.app/Contents/Eclipse/plugins/fr.ac6.mcu.externaltools.arm-none.macos64_1.15.0.201708311556/tools/compiler/bin/../lib/gcc/arm-none-eabi/6.3.1/thumb/v7e-m/fpv4-sp/hard/crtbegin.o
 *(.init)
 .init          0x00000000080081f8        0x4 /Applications/Ac6/SystemWorkbench.app/Contents/Eclipse/plugins/fr.ac6.mcu.externaltools.arm-none.macos64_1.15.0.201708311556/tools/compiler/bin/../lib/gcc/arm-none-eabi/6.3.1/thumb/v7e-m/fpv4-sp/hard/crti.o
                0x00000000080081f8                _init
 .init          0x00000000080081fc        0x8 /Applications/Ac6/SystemWorkbench.app/Contents/Eclipse/plugins/fr.ac6.mcu.externaltools.arm-none.macos64_1.15.0.201708311556/tools/compiler/bin/../lib/gcc/arm-none-eabi/6.3.1/thumb/v7e-m/fpv4-sp/hard/crtn.o
 *(.fini)
 .fini          0x0000000008008204        0x4 /Applications/Ac6/SystemWorkbench.app/Contents/Eclipse/plugins/fr.ac6.mcu.externaltools.arm-none.macos64_1.15.0.201708311556/tools/compiler/bin/../lib/gcc/arm-none-eabi/6.3.1/thumb/v7e-m/fpv4-sp/hard/crti.o
                0x0000000008008204                _fini
 .fini          0x0000000008008208        0x8 /Applications/Ac6/SystemWorkbench.app/Contents/Eclipse/plugins/fr.ac6.mcu.externaltools.arm-none.macos64_1.15.0.201708311556/tools/compiler/bin/../lib/gcc/arm-none-eabi/6.3.1/thumb/v7e-m/fpv4-sp/hard/crtn.o
                0x0000000008008210                . = ALIGN (0x8)
                0x0000000008008210                _etext = .

.vfp11_veneer   0x0000000008008210        0x0
 .vfp11_veneer  0x0000000008008210        0x0 linker stubs

.v4_bx          0x0000000008008210        0x0
 .v4_bx         0x0000000008008210        0x0 linker stubs

.iplt           0x0000000008008210        0x0
 .iplt          0x0000000008008210        0x0 /Applications/Ac6/SystemWorkbench.app/Contents/Eclipse/plugins/fr.ac6.mcu.externaltools.arm-none.macos64_1.15.0.201708311556/tools/compiler/bin/../lib/gcc/arm-none-eabi/6.3.1/thumb/v7e-m/fpv4-sp/hard/crtbegin.o

.rodata         0x0000000008008210       0x48
                0x0000000008008210                . = ALIGN (0x8)
 *(.rodata)
 .rodata        0x0000000008008210       0x48 Drivers/CMSIS/system_stm32l4xx.o
                0x0000000008008210                MSIRangeTable
                0x0000000008008240                AHBPrescTable
                0x0000000008008250                APBPrescTable
 *(.rodata*)
                0x0000000008008258                . = ALIGN (0x8)

.rel.dyn        0x0000000008008258        0x0
 .rel.iplt      0x0000000008008258        0x0 /Applications/Ac6/SystemWorkbench.app/Contents/Eclipse/plugins/fr.ac6.mcu.externaltools.arm-none.macos64_1.15.0.201708311556/tools/compiler/bin/../lib/gcc/arm-none-eabi/6.3.1/thumb/v7e-m/fpv4-sp/hard/crtbegin.o

.ARM.extab
 *(.ARM.extab* .gnu.linkonce.armextab.*)

.ARM            0x0000000008008258        0x0
                0x0000000008008258                __exidx_start = .
 *(.ARM.exidx*)
                0x0000000008008258                __exidx_end = .

.preinit_array  0x0000000008008258        0x0
                0x0000000008008258                PROVIDE (__preinit_array_start, .)
 *(.preinit_array*)
                0x0000000008008258                PROVIDE (__preinit_array_end, .)

.init_array     0x0000000008008258        0x4
                0x0000000008008258                PROVIDE (__init_array_start, .)
 *(SORT(.init_array.*))
 *(.init_array*)
 .init_array    0x0000000008008258        0x4 /Applications/Ac6/SystemWorkbench.app/Contents/Eclipse/plugins/fr.ac6.mcu.externaltools.arm-none.macos64_1.15.0.201708311556/tools/compiler/bin/../lib/gcc/arm-none-eabi/6.3.1/thumb/v7e-m/fpv4-sp/hard/crtbegin.o
                0x000000000800825c                PROVIDE (__init_array_end, .)

.fini_array     0x000000000800825c        0x4
                [!provide]                        PROVIDE (__fini_array_start, .)
 *(SORT(.fini_array.*))
 *(.fini_array*)
 .fini_array    0x000000000800825c        0x4 /Applications/Ac6/SystemWorkbench.app/Contents/Eclipse/plugins/fr.ac6.mcu.externaltools.arm-none.macos64_1.15.0.201708311556/tools/compiler/bin/../lib/gcc/arm-none-eabi/6.3.1/thumb/v7e-m/fpv4-sp/hard/crtbegin.o
                [!provide]                        PROVIDE (__fini_array_end, .)
                0x0000000008008260                _sidata = LOADADDR (.data)

.data           0x0000000020000000       0x38 load address 0x0000000008008260
                0x0000000020000000                . = ALIGN (0x8)
                0x0000000020000000                _sdata = .
 *(.data)
 .data          0x0000000020000000       0x30 Drivers/BSP/Components/PCM1774_CODEC_Driver.o
                0x0000000020000000                PCM1774_drv
 .data          0x0000000020000030        0x2 Drivers/BSP/SensorTile/SensorTile_audio_in.o
 *fill*         0x0000000020000032        0x2 
 .data          0x0000000020000034        0x4 Drivers/CMSIS/system_stm32l4xx.o
                0x0000000020000034                SystemCoreClock
 *(.data*)
                0x0000000020000038                . = ALIGN (0x8)
                0x0000000020000038                _edata = .

.jcr            0x0000000020000038        0x0 load address 0x0000000008008298
 .jcr           0x0000000020000038        0x0 /Applications/Ac6/SystemWorkbench.app/Contents/Eclipse/plugins/fr.ac6.mcu.externaltools.arm-none.macos64_1.15.0.201708311556/tools/compiler/bin/../lib/gcc/arm-none-eabi/6.3.1/thumb/v7e-m/fpv4-sp/hard/crtbegin.o

.igot.plt       0x0000000020000038        0x0 load address 0x0000000008008298
 .igot.plt      0x0000000020000038        0x0 /Applications/Ac6/SystemWorkbench.app/Contents/Eclipse/plugins/fr.ac6.mcu.externaltools.arm-none.macos64_1.15.0.201708311556/tools/compiler/bin/../lib/gcc/arm-none-eabi/6.3.1/thumb/v7e-m/fpv4-sp/hard/crtbegin.o
                0x0000000020000038                . = ALIGN (0x4)

.bss            0x0000000020000038     0x1544 load address 0x0000000008008298
                0x0000000020000038                _sbss = .
                0x0000000020000038                __bss_start__ = _sbss
 *(.bss)
 .bss           0x0000000020000038       0x1c /Applications/Ac6/SystemWorkbench.app/Contents/Eclipse/plugins/fr.ac6.mcu.externaltools.arm-none.macos64_1.15.0.201708311556/tools/compiler/bin/../lib/gcc/arm-none-eabi/6.3.1/thumb/v7e-m/fpv4-sp/hard/crtbegin.o
 .bss           0x0000000020000054        0xc AudioLoop/User/main.o
 .bss           0x0000000020000060      0x114 Drivers/BSP/SensorTile/SensorTile.o
 .bss           0x0000000020000174       0x3c Drivers/BSP/SensorTile/SensorTile_audio_in.o
 .bss           0x00000000200001b0       0x70 Drivers/BSP/SensorTile/SensorTile_audio_out.o
 .bss           0x0000000020000220       0x24 Drivers/STM32L4xx_HAL_Driver/stm32l4xx_hal_dfsdm.o
                0x0000000020000220                a_dfsdm1ChannelHandle
                0x0000000020000240                v_dfsdm1ChannelCounter
 *(.bss*)
 *(COMMON)
 COMMON         0x0000000020000244      0x360 AudioLoop/User/main.o
                0x0000000020000244                audio_out_buffer
                0x0000000020000544                PCM_Buffer
 COMMON         0x00000000200005a4      0xf50 Drivers/BSP/SensorTile/SensorTile_audio_in.o
                0x00000000200005a4                hdma_dfsdmReg_FLT
                0x00000000200006c4                RecBuff
                0x00000000200012c4                haudio_in_dfsdmchannel
                0x00000000200013a4                haudio_in_dfsdmfilter
 COMMON         0x00000000200014f4       0x84 Drivers/BSP/SensorTile/SensorTile_audio_out.o
                0x00000000200014f4                haudio_out_sai
 COMMON         0x0000000020001578        0x4 Drivers/STM32L4xx_HAL_Driver/stm32l4xx_hal.o
                0x0000000020001578                uwTick
                0x000000002000157c                . = ALIGN (0x4)
                0x000000002000157c                _ebss = .
                0x000000002000157c                __bss_end__ = _ebss

.noinit         0x0000000010000000        0x0
                0x0000000010000000                . = ALIGN (0x4)
 *(.noinit)
                0x0000000010000000                . = ALIGN (0x4)

.bss2           0x0000000020000038        0x0 load address 0x0000000010000000
                0x0000000020000038                . = ALIGN (0x4)
                0x0000000020000038                _sbss2 = .
 *(.bss2)
                0x0000000020000038                _ebss2 = .

._user_heap_stack
                0x000000002000157c     0x4000
                0x000000002000157c                . = ALIGN (0x4)
                0x000000002000157c                PROVIDE (end, .)
                [!provide]                        PROVIDE (_end, .)
                0x000000002000357c                . = (. + _Min_Heap_Size)
 *fill*         0x000000002000157c     0x2000 
                0x000000002000557c                . = (. + _Min_Stack_Size)
 *fill*         0x000000002000357c     0x2000 
                0x000000002000557c                . = ALIGN (0x4)

/DISCARD/
 libc.a(*)
 libm.a(*)
 libgcc.a(*)

.ARM.attributes
                0x0000000000000000       0x30
 *(.ARM.attributes)
 .ARM.attributes
                0x0000000000000000       0x22 /Applications/Ac6/SystemWorkbench.app/Contents/Eclipse/plugins/fr.ac6.mcu.externaltools.arm-none.macos64_1.15.0.201708311556/tools/compiler/bin/../lib/gcc/arm-none-eabi/6.3.1/thumb/v7e-m/fpv4-sp/hard/crti.o
 .ARM.attributes
                0x0000000000000022       0x34 /Applications/Ac6/SystemWorkbench.app/Contents/Eclipse/plugins/fr.ac6.mcu.externaltools.arm-none.macos64_1.15.0.201708311556/tools/compiler/bin/../lib/gcc/arm-none-eabi/6.3.1/thumb/v7e-m/fpv4-sp/hard/crtbegin.o
 .ARM.attributes
                0x0000000000000056       0x21 AudioLoop/SW4STM32/startup_stm32l476xx.o
 .ARM.attributes
                0x0000000000000077       0x39 AudioLoop/User/cube_hal_l4.o
 .ARM.attributes
                0x00000000000000b0       0x39 AudioLoop/User/main.o
 .ARM.attributes
                0x00000000000000e9       0x39 AudioLoop/User/stm32l4xx_it.o
 .ARM.attributes
                0x0000000000000122       0x39 Drivers/BSP/Components/PCM1774_CODEC_Driver.o
 .ARM.attributes
                0x000000000000015b       0x39 Drivers/BSP/SensorTile/SensorTile.o
 .ARM.attributes
                0x0000000000000194       0x39 Drivers/BSP/SensorTile/SensorTile_audio_in.o
 .ARM.attributes
                0x00000000000001cd       0x39 Drivers/BSP/SensorTile/SensorTile_audio_out.o
 .ARM.attributes
                0x0000000000000206       0x39 Drivers/CMSIS/system_stm32l4xx.o
 .ARM.attributes
                0x000000000000023f       0x39 Drivers/STM32L4xx_HAL_Driver/stm32l4xx_hal.o
 .ARM.attributes
                0x0000000000000278       0x39 Drivers/STM32L4xx_HAL_Driver/stm32l4xx_hal_cortex.o
 .ARM.attributes
                0x00000000000002b1       0x39 Drivers/STM32L4xx_HAL_Driver/stm32l4xx_hal_dfsdm.o
 .ARM.attributes
                0x00000000000002ea       0x39 Drivers/STM32L4xx_HAL_Driver/stm32l4xx_hal_dma.o
 .ARM.attributes
                0x0000000000000323       0x39 Drivers/STM32L4xx_HAL_Driver/stm32l4xx_hal_gpio.o
 .ARM.attributes
                0x000000000000035c       0x39 Drivers/STM32L4xx_HAL_Driver/stm32l4xx_hal_i2c.o
 .ARM.attributes
                0x0000000000000395       0x39 Drivers/STM32L4xx_HAL_Driver/stm32l4xx_hal_pwr.o
 .ARM.attributes
                0x00000000000003ce       0x39 Drivers/STM32L4xx_HAL_Driver/stm32l4xx_hal_pwr_ex.o
 .ARM.attributes
                0x0000000000000407       0x39 Drivers/STM32L4xx_HAL_Driver/stm32l4xx_hal_rcc.o
 .ARM.attributes
                0x0000000000000440       0x39 Drivers/STM32L4xx_HAL_Driver/stm32l4xx_hal_rcc_ex.o
 .ARM.attributes
                0x0000000000000479       0x39 Drivers/STM32L4xx_HAL_Driver/stm32l4xx_hal_sai.o
 .ARM.attributes
                0x00000000000004b2       0x34 /Applications/Ac6/SystemWorkbench.app/Contents/Eclipse/plugins/fr.ac6.mcu.externaltools.arm-none.macos64_1.15.0.201708311556/tools/compiler/bin/../lib/gcc/arm-none-eabi/6.3.1/../../../../arm-none-eabi/lib/thumb/v7e-m/fpv4-sp/hard/libc_nano.a(lib_a-init.o)
 .ARM.attributes
                0x00000000000004e6       0x34 /Applications/Ac6/SystemWorkbench.app/Contents/Eclipse/plugins/fr.ac6.mcu.externaltools.arm-none.macos64_1.15.0.201708311556/tools/compiler/bin/../lib/gcc/arm-none-eabi/6.3.1/../../../../arm-none-eabi/lib/thumb/v7e-m/fpv4-sp/hard/libc_nano.a(lib_a-memset.o)
 .ARM.attributes
                0x000000000000051a       0x22 /Applications/Ac6/SystemWorkbench.app/Contents/Eclipse/plugins/fr.ac6.mcu.externaltools.arm-none.macos64_1.15.0.201708311556/tools/compiler/bin/../lib/gcc/arm-none-eabi/6.3.1/thumb/v7e-m/fpv4-sp/hard/crtn.o
OUTPUT(STM32L4xx-SensorTile.elf elf32-littlearm)

.debug_line     0x0000000000000000       0xda
 .debug_line    0x0000000000000000       0xda AudioLoop/SW4STM32/startup_stm32l476xx.o

.debug_info     0x0000000000000000      0x123
 .debug_info    0x0000000000000000      0x123 AudioLoop/SW4STM32/startup_stm32l476xx.o

.debug_abbrev   0x0000000000000000       0x12
 .debug_abbrev  0x0000000000000000       0x12 AudioLoop/SW4STM32/startup_stm32l476xx.o

.debug_aranges  0x0000000000000000       0x28
 .debug_aranges
                0x0000000000000000       0x28 AudioLoop/SW4STM32/startup_stm32l476xx.o

.debug_ranges   0x0000000000000000       0x20
 .debug_ranges  0x0000000000000000       0x20 AudioLoop/SW4STM32/startup_stm32l476xx.o

.comment        0x0000000000000000       0x7f
 .comment       0x0000000000000000       0x7f AudioLoop/User/cube_hal_l4.o
                                         0x80 (size before relaxing)
 .comment       0x000000000000007f       0x80 AudioLoop/User/main.o
 .comment       0x000000000000007f       0x80 AudioLoop/User/stm32l4xx_it.o
 .comment       0x000000000000007f       0x80 Drivers/BSP/Components/PCM1774_CODEC_Driver.o
 .comment       0x000000000000007f       0x80 Drivers/BSP/SensorTile/SensorTile.o
 .comment       0x000000000000007f       0x80 Drivers/BSP/SensorTile/SensorTile_audio_in.o
 .comment       0x000000000000007f       0x80 Drivers/BSP/SensorTile/SensorTile_audio_out.o
 .comment       0x000000000000007f       0x80 Drivers/CMSIS/system_stm32l4xx.o
 .comment       0x000000000000007f       0x80 Drivers/STM32L4xx_HAL_Driver/stm32l4xx_hal.o
 .comment       0x000000000000007f       0x80 Drivers/STM32L4xx_HAL_Driver/stm32l4xx_hal_cortex.o
 .comment       0x000000000000007f       0x80 Drivers/STM32L4xx_HAL_Driver/stm32l4xx_hal_dfsdm.o
 .comment       0x000000000000007f       0x80 Drivers/STM32L4xx_HAL_Driver/stm32l4xx_hal_dma.o
 .comment       0x000000000000007f       0x80 Drivers/STM32L4xx_HAL_Driver/stm32l4xx_hal_gpio.o
 .comment       0x000000000000007f       0x80 Drivers/STM32L4xx_HAL_Driver/stm32l4xx_hal_i2c.o
 .comment       0x000000000000007f       0x80 Drivers/STM32L4xx_HAL_Driver/stm32l4xx_hal_pwr.o
 .comment       0x000000000000007f       0x80 Drivers/STM32L4xx_HAL_Driver/stm32l4xx_hal_pwr_ex.o
 .comment       0x000000000000007f       0x80 Drivers/STM32L4xx_HAL_Driver/stm32l4xx_hal_rcc.o
 .comment       0x000000000000007f       0x80 Drivers/STM32L4xx_HAL_Driver/stm32l4xx_hal_rcc_ex.o
 .comment       0x000000000000007f       0x80 Drivers/STM32L4xx_HAL_Driver/stm32l4xx_hal_sai.o

.debug_frame    0x0000000000000000       0x4c
 .debug_frame   0x0000000000000000       0x2c /Applications/Ac6/SystemWorkbench.app/Contents/Eclipse/plugins/fr.ac6.mcu.externaltools.arm-none.macos64_1.15.0.201708311556/tools/compiler/bin/../lib/gcc/arm-none-eabi/6.3.1/../../../../arm-none-eabi/lib/thumb/v7e-m/fpv4-sp/hard/libc_nano.a(lib_a-init.o)
 .debug_frame   0x000000000000002c       0x20 /Applications/Ac6/SystemWorkbench.app/Contents/Eclipse/plugins/fr.ac6.mcu.externaltools.arm-none.macos64_1.15.0.201708311556/tools/compiler/bin/../lib/gcc/arm-none-eabi/6.3.1/../../../../arm-none-eabi/lib/thumb/v7e-m/fpv4-sp/hard/libc_nano.a(lib_a-memset.o)
